[actualizados.runt.com.co/Account/login308b.html]
[actualizados.runt.com.co/App_Themes/Default/colorbox.css]
[backblue.gif]
[fade.gif]
[index.html]
[actualizados.runt.com.co/Public/Styles/bootstrap.min.V1.css]
[actualizados.runt.com.co/Public/Styles/core.min.V2.css]
[actualizados.runt.com.co/Styles/colorbox.min.V1.css]
[actualizados.runt.com.co/Scripts/jquery.min.js]
[actualizados.runt.com.co/Scripts/bootstrap.min.V1.js]
[actualizados.runt.com.co/Scripts/jquery.colorbox-min.js]
[actualizados.runt.com.co/Scripts/BloqueoClicDerecho.js]
[actualizados.runt.com.co/Public/Styles/Inicio2013.css]
[actualizados.runt.com.co/Public/img/logoRUNT_833x145.jpg]
[actualizados.runt.com.co/Public/img/ajax-loader.gif]
[actualizados.runt.com.co/Account/login308b.html]
[actualizados.runt.com.co/App_Themes/Images/Colorbox/controls.png]
[actualizados.runt.com.co/App_Themes/Images/Colorbox/border.png]
[actualizados.runt.com.co/App_Themes/Images/Colorbox/loading_background.png]
[actualizados.runt.com.co/App_Themes/Images/Colorbox/loading.gif]
[actualizados.runt.com.co/App_Themes/Default/colorbox.css]
[actualizados.runt.com.co/Portals/_default/skins/ms_base/Styles/img/search.png]
[actualizados.runt.com.co/Public/Styles/Inicio2013.min.V1.css]
[actualizados.runt.com.co/Public/Styles/bootstrap.min.V1.css]
[actualizados.runt.com.co/Public/images/settings.png]
[actualizados.runt.com.co/Public/images/new.png]
[actualizados.runt.com.co/Public/images/drag-dark.png]
[actualizados.runt.com.co/Public/images/arrow-left.png]
[actualizados.runt.com.co/Public/images/arrow-right.png]
[actualizados.runt.com.co/Public/images/fullscreen.png]
[actualizados.runt.com.co/Public/images/exit-full.png]
[actualizados.runt.com.co/Public/Styles/core.min.V2.css]
[actualizados.runt.com.co/Images/Colorbox/controls.png]
[actualizados.runt.com.co/Images/Colorbox/border.png]
[actualizados.runt.com.co/Images/Colorbox/loading_background.png]
[actualizados.runt.com.co/Images/Colorbox/loading.gif]
[actualizados.runt.com.co/Styles/colorbox.min.V1.css]
[actualizados.runt.com.co/Public/Styles/Inicio2013.css]
[actualizados.runt.com.co/App_Themes/Images/Colorbox/controls.html]
[actualizados.runt.com.co/App_Themes/Images/Colorbox/border.html]
[actualizados.runt.com.co/App_Themes/Images/Colorbox/loading_background.html]
[actualizados.runt.com.co/App_Themes/Images/Colorbox/loading.html]
[actualizados.runt.com.co/Portals/_default/skins/ms_base/Styles/img/search.html]
[actualizados.runt.com.co/Public/images/settings.html]
[actualizados.runt.com.co/Public/images/new.html]
[actualizados.runt.com.co/Public/images/drag-dark.html]
[actualizados.runt.com.co/Public/images/arrow-left.html]
[actualizados.runt.com.co/Public/images/arrow-right.html]
[actualizados.runt.com.co/Public/images/fullscreen.html]
[actualizados.runt.com.co/Public/images/exit-full.html]
